============================================================
                       ES Training                       
============================================================
[08:53:58] out_dir=training_history_20260630_085358
[08:53:58] params=553,053
[08:53:58] seed=42
[08:53:58] pop_size=12
[08:53:58] sigma=0.05
[08:53:58] lr=0.01
[08:53:58] workers=12
[08:53:58] games_per_ind=2
[08:53:58] opponent=example
[08:53:58] generations=3
------------------------------------------------------------
gen=gen  best=best_fit  avg=avg_fit  eval_s=eval(s)  total_s=total(s)
--------------------------------------------------
gen=0  best=0.0000  avg=0.0000  eval_s=48.1  total_s=48.3
gen=1  best=0.0000  avg=0.0000  eval_s=41.2  total_s=41.3
gen=2  best=0.5000  avg=0.0417  eval_s=31.9  total_s=32.0
============================================================
[08:56:02] best_fitness=0.5000
[08:56:02] avg_fitness=0.0417
[08:56:02] history=training_history_20260630_085358\history.csv
[08:56:02] Done.
