============================================================
                       ES Training                       
============================================================
[10:04:54] out_dir=training_history_20260630_100454
[10:04:54] params=553,053
[10:04:54] seed=42
[10:04:54] pop_size=42
[10:04:54] sigma=0.05
[10:04:54] lr=0.01
[10:04:54] workers=16
[10:04:54] games_per_ind=6
[10:04:54] generations=500
[10:04:54] opponents=random from population (self-play)
------------------------------------------------------------
[10:04:54] mode=real game (self-play)
gen=gen  best=best_fit  avg=avg_fit  eval_s=eval(s)  total_s=total(s)
--------------------------------------------------
[10:04:54]   [Ctrl+C: stop after current gen | Second Ctrl+C: force quit]
[10:04:54]   [PAUSE file: create PAUSE in out_dir to pause, delete to resume]
--------------------------------------------------
