============================================================
                       ES Training                       
============================================================
[09:07:03] out_dir=training_history_20260630_090703
[09:07:03] params=553,053
[09:07:03] seed=42
[09:07:03] pop_size=6
[09:07:03] sigma=0.05
[09:07:03] lr=0.01
[09:07:03] workers=6
[09:07:03] games_per_ind=2
[09:07:03] generations=2
[09:07:03] opponents=random from population (self-play)
------------------------------------------------------------
gen=gen  best=best_fit  avg=avg_fit  eval_s=eval(s)  total_s=total(s)
--------------------------------------------------
gen=0  best=1.0000  avg=0.5833  eval_s=7.7  total_s=7.8
gen=1  best=1.0000  avg=0.6667  eval_s=7.2  total_s=7.3
============================================================
[09:07:19] best_fitness=1.0000
[09:07:19] avg_fitness=0.6667
[09:07:19] history=training_history_20260630_090703\history.csv
[09:07:19] Done.
