============================================================
                       ES Training                       
============================================================
[10:14:57] out_dir=training_history_20260630_101457
[10:14:57] params=553,053
[10:14:57] seed=42
[10:14:57] pop_size=2
[10:14:57] sigma=0.05
[10:14:57] lr=0.01
[10:14:57] workers=2
[10:14:57] games_per_ind=2
[10:14:57] generations=500
[10:14:57] opponents=random from population (self-play)
------------------------------------------------------------
[10:14:57] mode=real game (self-play)
[10:14:57]  gen=gen  best=best_fit  avg=avg_fit  eval_s=eval(s)  total_s=total(s)
--------------------------------------------------
[10:14:57]   [Ctrl+C: stop after current gen | Second Ctrl+C: force quit]
[10:14:57]   [PAUSE file: create PAUSE in out_dir to pause, delete to resume]
--------------------------------------------------
[10:15:06]  gen=0  best=1.0000  avg=0.7500  eval_s=8.0  total_s=8.0
[10:15:06]  ind_dist=0.00:0 0.25:0 0.50:1 0.75:0 1.00:1  best=#1 1.000 [1st:1/1 2nd:1/1]
[10:15:15]  gen=1  best=0.5000  avg=0.2500  eval_s=8.9  total_s=8.9
[10:15:15]  ind_dist=0.00:1 0.25:0 0.50:1 0.75:0 1.00:0  best=#0 0.500 [1st:0/1 2nd:1/1]
[10:15:24]  gen=2  best=1.0000  avg=1.0000  eval_s=9.4  total_s=9.4
[10:15:24]  ind_dist=0.00:0 0.25:0 0.50:0 0.75:0 1.00:2  best=#0 1.000 [1st:1/1 2nd:1/1]
[10:15:31]  gen=3  best=0.5000  avg=0.5000  eval_s=7.1  total_s=7.2
[10:15:31]  ind_dist=0.00:0 0.25:0 0.50:2 0.75:0 1.00:0  best=#0 0.500 [1st:1/1 2nd:0/1]
[10:15:38]  gen=4  best=1.0000  avg=0.7500  eval_s=6.3  total_s=6.3
[10:15:38]  ind_dist=0.00:0 0.25:0 0.50:1 0.75:0 1.00:1  best=#1 1.000 [1st:1/1 2nd:1/1]
[10:15:44]  gen=5  best=0.5000  avg=0.2500  eval_s=6.2  total_s=6.2
[10:15:44]  ind_dist=0.00:1 0.25:0 0.50:1 0.75:0 1.00:0  best=#0 0.500 [1st:0/1 2nd:1/1]
[10:15:53]  gen=6  best=1.0000  avg=1.0000  eval_s=9.6  total_s=9.7
[10:15:53]  ind_dist=0.00:0 0.25:0 0.50:0 0.75:0 1.00:2  best=#0 1.000 [1st:1/1 2nd:1/1]
[10:16:03]  gen=7  best=0.5000  avg=0.5000  eval_s=9.7  total_s=9.7
[10:16:03]  ind_dist=0.00:0 0.25:0 0.50:2 0.75:0 1.00:0  best=#0 0.500 [1st:0/1 2nd:1/1]
[10:16:13]  gen=8  best=0.5000  avg=0.5000  eval_s=9.5  total_s=9.6
[10:16:13]  ind_dist=0.00:0 0.25:0 0.50:2 0.75:0 1.00:0  best=#0 0.500 [1st:0/1 2nd:1/1]
[10:16:23]  gen=9  best=1.0000  avg=0.5000  eval_s=9.9  total_s=9.9
[10:16:23]  ind_dist=0.00:1 0.25:0 0.50:0 0.75:0 1.00:1  best=#1 1.000 [1st:1/1 2nd:1/1]
[10:16:23] checkpoint=training_history_20260630_101457\gen_0010.pt
[10:16:32]  gen=10  best=0.5000  avg=0.5000  eval_s=9.1  total_s=9.2
[10:16:32]  ind_dist=0.00:0 0.25:0 0.50:2 0.75:0 1.00:0  best=#0 0.500 [1st:0/1 2nd:1/1]
[10:16:41]  gen=11  best=0.0000  avg=0.0000  eval_s=9.0  total_s=9.0
[10:16:41]  ind_dist=0.00:2 0.25:0 0.50:0 0.75:0 1.00:0  best=#0 0.000 [1st:0/1 2nd:0/1]
[10:16:52]  gen=12  best=1.0000  avg=0.7500  eval_s=10.8  total_s=10.8
[10:16:52]  ind_dist=0.00:0 0.25:0 0.50:1 0.75:0 1.00:1  best=#0 1.000 [1st:1/1 2nd:1/1]
[10:17:01]  gen=13  best=1.0000  avg=0.5000  eval_s=9.7  total_s=9.7
[10:17:01]  ind_dist=0.00:1 0.25:0 0.50:0 0.75:0 1.00:1  best=#1 1.000 [1st:1/1 2nd:1/1]
