============================================================
                       ES Training                       
============================================================
[08:48:01] out_dir=training_history_20260630_084801
[08:48:01] params=553,053
[08:48:01] seed=42
[08:48:01] pop_size=4
[08:48:01] sigma=0.05
[08:48:01] lr=0.01
[08:48:01] workers=4
[08:48:01] games_per_ind=2
[08:48:01] opponent=example
[08:48:01] generations=3
------------------------------------------------------------
gen=gen  best=best_fit  avg=avg_fit  eval_s=eval(s)  total_s=total(s)
--------------------------------------------------
gen=0  best=0.0000  avg=0.0000  eval_s=27.4  total_s=27.4
gen=1  best=0.0000  avg=0.0000  eval_s=26.9  total_s=27.0
gen=2  best=0.0000  avg=0.0000  eval_s=29.0  total_s=29.0
============================================================
[08:49:25] best_fitness=0.0000
[08:49:25] avg_fitness=0.0000
[08:49:25] history=training_history_20260630_084801\history.csv
[08:49:25] Done.
