============================================================
                       ES Training                       
============================================================
[09:38:05] out_dir=training_history_20260630_093805
[09:38:05] params=553,053
[09:38:05] seed=42
[09:38:05] pop_size=12
[09:38:05] sigma=0.2
[09:38:05] lr=0.05
[09:38:05] workers=12
[09:38:05] games_per_ind=1
[09:38:05] generations=100
[09:38:05] opponents=random from population (self-play)
------------------------------------------------------------
[09:38:05] mode=synthetic test
[09:38:05] init_dist_to_target=217.2965
gen=gen  best=best_fit  avg=avg_fit  eval_s=eval(s)  total_s=total(s)  dist=dist_to_target
-----------------------------------------------------------------
gen=0  best=1.0000  avg=0.5000  eval_s=0.2  total_s=0.3  dist=217.73
gen=1  best=1.0000  avg=0.6667  eval_s=0.1  total_s=0.3  dist=218.21
gen=2  best=1.0000  avg=0.5833  eval_s=0.1  total_s=0.3  dist=218.66
gen=3  best=1.0000  avg=0.5833  eval_s=0.1  total_s=0.3  dist=219.10
gen=4  best=1.0000  avg=0.3333  eval_s=0.1  total_s=0.3  dist=219.56
gen=5  best=1.0000  avg=0.6667  eval_s=0.1  total_s=0.3  dist=220.02
gen=6  best=1.0000  avg=0.5833  eval_s=0.1  total_s=0.2  dist=220.48
gen=7  best=1.0000  avg=0.3333  eval_s=0.1  total_s=0.2  dist=220.96
gen=8  best=1.0000  avg=0.4167  eval_s=0.1  total_s=0.2  dist=221.41
gen=9  best=1.0000  avg=0.2500  eval_s=0.1  total_s=0.2  dist=221.87
[09:38:10] checkpoint=training_history_20260630_093805\gen_0010.pt
gen=10  best=1.0000  avg=0.5000  eval_s=0.1  total_s=0.2  dist=222.29
gen=11  best=1.0000  avg=0.3333  eval_s=0.1  total_s=0.2  dist=222.71
gen=12  best=1.0000  avg=0.2500  eval_s=0.1  total_s=0.2  dist=223.18
gen=13  best=1.0000  avg=0.3333  eval_s=0.1  total_s=0.2  dist=223.64
gen=14  best=1.0000  avg=0.8333  eval_s=0.1  total_s=0.2  dist=224.11
gen=15  best=1.0000  avg=0.5833  eval_s=0.1  total_s=0.2  dist=224.53
gen=16  best=1.0000  avg=0.5833  eval_s=0.1  total_s=0.2  dist=224.94
gen=17  best=1.0000  avg=0.5833  eval_s=0.1  total_s=0.2  dist=225.39
gen=18  best=1.0000  avg=0.5833  eval_s=0.1  total_s=0.3  dist=225.88
gen=19  best=1.0000  avg=0.6667  eval_s=0.1  total_s=0.2  dist=226.33
[09:38:13] checkpoint=training_history_20260630_093805\gen_0020.pt
gen=20  best=1.0000  avg=0.5833  eval_s=0.1  total_s=0.2  dist=226.80
gen=21  best=1.0000  avg=0.5000  eval_s=0.1  total_s=0.3  dist=227.25
gen=22  best=1.0000  avg=0.5000  eval_s=0.1  total_s=0.2  dist=227.68
gen=23  best=1.0000  avg=0.3333  eval_s=0.1  total_s=0.2  dist=228.10
gen=24  best=1.0000  avg=0.5000  eval_s=0.1  total_s=0.2  dist=228.55
gen=25  best=1.0000  avg=0.8333  eval_s=0.1  total_s=0.2  dist=229.00
gen=26  best=1.0000  avg=0.5833  eval_s=0.1  total_s=0.2  dist=229.44
gen=27  best=1.0000  avg=0.7500  eval_s=0.1  total_s=0.2  dist=229.86
gen=28  best=1.0000  avg=0.4167  eval_s=0.1  total_s=0.2  dist=230.29
gen=29  best=1.0000  avg=0.5833  eval_s=0.1  total_s=0.2  dist=230.72
[09:38:15] checkpoint=training_history_20260630_093805\gen_0030.pt
gen=30  best=1.0000  avg=0.3333  eval_s=0.1  total_s=0.2  dist=231.22
gen=31  best=1.0000  avg=0.7500  eval_s=0.1  total_s=0.3  dist=231.67
gen=32  best=1.0000  avg=0.4167  eval_s=0.1  total_s=0.2  dist=232.11
gen=33  best=1.0000  avg=0.3333  eval_s=0.1  total_s=0.2  dist=232.52
gen=34  best=1.0000  avg=0.4167  eval_s=0.1  total_s=0.2  dist=232.95
gen=35  best=1.0000  avg=0.4167  eval_s=0.1  total_s=0.2  dist=233.35
gen=36  best=1.0000  avg=0.4167  eval_s=0.1  total_s=0.3  dist=233.78
gen=37  best=1.0000  avg=0.5833  eval_s=0.1  total_s=0.2  dist=234.19
gen=38  best=1.0000  avg=0.5000  eval_s=0.1  total_s=0.2  dist=234.66
gen=39  best=1.0000  avg=0.6667  eval_s=0.1  total_s=0.2  dist=235.09
[09:38:18] checkpoint=training_history_20260630_093805\gen_0040.pt
gen=40  best=1.0000  avg=0.5000  eval_s=0.1  total_s=0.2  dist=235.55
gen=41  best=1.0000  avg=0.6667  eval_s=0.1  total_s=0.3  dist=235.98
gen=42  best=1.0000  avg=0.5000  eval_s=0.1  total_s=0.2  dist=236.41
gen=43  best=1.0000  avg=0.4167  eval_s=0.1  total_s=0.2  dist=236.82
gen=44  best=1.0000  avg=0.4167  eval_s=0.1  total_s=0.2  dist=237.24
gen=45  best=1.0000  avg=0.7500  eval_s=0.1  total_s=0.2  dist=237.65
gen=46  best=1.0000  avg=0.6667  eval_s=0.1  total_s=0.2  dist=238.05
gen=47  best=1.0000  avg=0.3333  eval_s=0.1  total_s=0.2  dist=238.47
gen=48  best=1.0000  avg=0.6667  eval_s=0.1  total_s=0.2  dist=238.92
gen=49  best=1.0000  avg=0.6667  eval_s=0.1  total_s=0.2  dist=239.36
[09:38:20] checkpoint=training_history_20260630_093805\gen_0050.pt
gen=50  best=1.0000  avg=0.5000  eval_s=0.1  total_s=0.2  dist=239.81
gen=51  best=1.0000  avg=0.5833  eval_s=0.1  total_s=0.3  dist=240.24
gen=52  best=1.0000  avg=0.4167  eval_s=0.1  total_s=0.2  dist=240.62
gen=53  best=1.0000  avg=0.5833  eval_s=0.1  total_s=0.2  dist=241.04
gen=54  best=1.0000  avg=0.5833  eval_s=0.1  total_s=0.2  dist=241.49
gen=55  best=1.0000  avg=0.4167  eval_s=0.1  total_s=0.2  dist=241.94
gen=56  best=1.0000  avg=0.5833  eval_s=0.1  total_s=0.3  dist=242.36
gen=57  best=1.0000  avg=0.5833  eval_s=0.1  total_s=0.2  dist=242.74
gen=58  best=1.0000  avg=0.3333  eval_s=0.1  total_s=0.2  dist=243.19
gen=59  best=1.0000  avg=0.5833  eval_s=0.1  total_s=0.2  dist=243.62
[09:38:23] checkpoint=training_history_20260630_093805\gen_0060.pt
gen=60  best=1.0000  avg=0.5833  eval_s=0.1  total_s=0.2  dist=244.06
gen=61  best=1.0000  avg=0.5000  eval_s=0.1  total_s=0.3  dist=244.45
gen=62  best=1.0000  avg=0.3333  eval_s=0.1  total_s=0.2  dist=244.86
gen=63  best=1.0000  avg=0.5833  eval_s=0.1  total_s=0.2  dist=245.27
gen=64  best=1.0000  avg=0.5000  eval_s=0.1  total_s=0.2  dist=245.65
gen=65  best=1.0000  avg=0.5000  eval_s=0.1  total_s=0.2  dist=246.06
gen=66  best=1.0000  avg=0.4167  eval_s=0.1  total_s=0.2  dist=246.45
gen=67  best=1.0000  avg=0.6667  eval_s=0.1  total_s=0.2  dist=246.87
gen=68  best=1.0000  avg=0.5000  eval_s=0.1  total_s=0.2  dist=247.30
gen=69  best=1.0000  avg=0.6667  eval_s=0.1  total_s=0.2  dist=247.71
[09:38:25] checkpoint=training_history_20260630_093805\gen_0070.pt
gen=70  best=1.0000  avg=0.5000  eval_s=0.1  total_s=0.2  dist=248.12
gen=71  best=1.0000  avg=0.5833  eval_s=0.1  total_s=0.2  dist=248.52
gen=72  best=1.0000  avg=0.5833  eval_s=0.1  total_s=0.2  dist=248.93
gen=73  best=1.0000  avg=0.2500  eval_s=0.1  total_s=0.2  dist=249.38
gen=74  best=1.0000  avg=0.3333  eval_s=0.1  total_s=0.2  dist=249.75
gen=75  best=1.0000  avg=0.3333  eval_s=0.1  total_s=0.2  dist=250.17
gen=76  best=1.0000  avg=0.5833  eval_s=0.1  total_s=0.2  dist=250.59
gen=77  best=1.0000  avg=0.5000  eval_s=0.1  total_s=0.2  dist=251.00
gen=78  best=1.0000  avg=0.6667  eval_s=0.1  total_s=0.2  dist=251.43
gen=79  best=1.0000  avg=0.6667  eval_s=0.1  total_s=0.2  dist=251.81
[09:38:27] checkpoint=training_history_20260630_093805\gen_0080.pt
gen=80  best=1.0000  avg=0.3333  eval_s=0.1  total_s=0.2  dist=252.22
gen=81  best=1.0000  avg=0.4167  eval_s=0.1  total_s=0.3  dist=252.66
gen=82  best=1.0000  avg=0.6667  eval_s=0.1  total_s=0.2  dist=253.09
gen=83  best=1.0000  avg=0.4167  eval_s=0.1  total_s=0.2  dist=253.49
gen=84  best=1.0000  avg=0.5000  eval_s=0.1  total_s=0.2  dist=253.87
gen=85  best=1.0000  avg=0.7500  eval_s=0.1  total_s=0.2  dist=254.27
gen=86  best=1.0000  avg=0.6667  eval_s=0.1  total_s=0.2  dist=254.70
gen=87  best=1.0000  avg=0.6667  eval_s=0.1  total_s=0.2  dist=255.10
gen=88  best=1.0000  avg=0.5833  eval_s=0.1  total_s=0.2  dist=255.50
gen=89  best=1.0000  avg=0.6667  eval_s=0.1  total_s=0.2  dist=255.91
[09:38:30] checkpoint=training_history_20260630_093805\gen_0090.pt
gen=90  best=1.0000  avg=0.5000  eval_s=0.1  total_s=0.2  dist=256.31
gen=91  best=1.0000  avg=0.7500  eval_s=0.1  total_s=0.2  dist=256.71
gen=92  best=1.0000  avg=0.5000  eval_s=0.1  total_s=0.2  dist=257.13
gen=93  best=1.0000  avg=0.7500  eval_s=0.1  total_s=0.2  dist=257.50
gen=94  best=1.0000  avg=0.4167  eval_s=0.1  total_s=0.2  dist=257.87
gen=95  best=1.0000  avg=0.4167  eval_s=0.1  total_s=0.2  dist=258.26
gen=96  best=1.0000  avg=0.0833  eval_s=0.1  total_s=0.2  dist=258.65
gen=97  best=1.0000  avg=0.5833  eval_s=0.1  total_s=0.2  dist=259.03
gen=98  best=1.0000  avg=0.6667  eval_s=0.1  total_s=0.2  dist=259.41
gen=99  best=1.0000  avg=0.3333  eval_s=0.1  total_s=0.3  dist=259.83
[09:38:32] checkpoint=training_history_20260630_093805\gen_0100.pt
============================================================
[09:38:32] best_fitness=1.0000
[09:38:32] avg_fitness=0.3333
[09:38:32] final_dist_to_target=259.8272
[09:38:32] dist_reduction=0.8x
[09:38:32]   ⚠️  ES did NOT converge; check hyperparameters.
[09:38:32] history=training_history_20260630_093805\history.csv
[09:38:32] Done.
