============================================================
                       ES Training                       
============================================================
[00:39:46] out_dir=training_history_20260630_003946
[00:39:46] params=553,053
[00:39:46] seed=42
[00:39:46] pop_size=32
[00:39:46] sigma=0.05
[00:39:46] lr=0.01
[00:39:46] workers=16
[00:39:46] games_per_ind=6
[00:39:46] opponent=example
[00:39:46] generations=300
------------------------------------------------------------
gen=gen  best=best_fit  avg=avg_fit  eval_s=eval(s)  total_s=total(s)
--------------------------------------------------
gen=0  best=0.1667  avg=0.0104  eval_s=1001.0  total_s=1001.4
gen=1  best=0.1667  avg=0.0104  eval_s=1002.1  total_s=1002.5
gen=2  best=0.1667  avg=0.0104  eval_s=1110.4  total_s=1110.8
gen=3  best=0.1667  avg=0.0208  eval_s=1048.1  total_s=1048.5
gen=4  best=0.1667  avg=0.0312  eval_s=987.2  total_s=987.6
gen=5  best=0.1667  avg=0.0156  eval_s=1125.0  total_s=1125.4
gen=6  best=0.5000  avg=0.0365  eval_s=1093.6  total_s=1094.0
gen=7  best=0.3333  avg=0.0312  eval_s=1081.4  total_s=1081.8
gen=8  best=0.1667  avg=0.0260  eval_s=1101.4  total_s=1101.8
gen=9  best=0.1667  avg=0.0156  eval_s=999.7  total_s=1000.1
[03:35:46] checkpoint=training_history_20260630_003946\gen_0010.pt
gen=10  best=0.3333  avg=0.0312  eval_s=1145.8  total_s=1146.1
gen=11  best=0.3333  avg=0.0417  eval_s=1117.4  total_s=1117.8
gen=12  best=0.1667  avg=0.0208  eval_s=1152.3  total_s=1152.7
