============================================================
                       ES Training                       
============================================================
[09:39:00] out_dir=training_history_20260630_093900
[09:39:00] params=553,053
[09:39:00] seed=42
[09:39:00] pop_size=16
[09:39:00] sigma=0.3
[09:39:00] lr=0.1
[09:39:00] workers=12
[09:39:00] games_per_ind=1
[09:39:00] generations=100
[09:39:00] opponents=random from population (self-play)
------------------------------------------------------------
[09:39:00] mode=synthetic test
[09:39:00] init_dist_to_target=217.2896
gen=gen  best=best_fit  avg=avg_fit  eval_s=eval(s)  total_s=total(s)  dist=dist_to_target
-----------------------------------------------------------------
gen=0  best=0.0032  avg=0.0032  eval_s=0.2  total_s=0.4  dist=217.85
gen=1  best=0.0032  avg=0.0032  eval_s=0.2  total_s=0.3  dist=218.43
gen=2  best=0.0032  avg=0.0032  eval_s=0.1  total_s=0.3  dist=219.00
gen=3  best=0.0032  avg=0.0032  eval_s=0.1  total_s=0.3  dist=219.57
gen=4  best=0.0032  avg=0.0032  eval_s=0.1  total_s=0.3  dist=220.15
gen=5  best=0.0032  avg=0.0032  eval_s=0.1  total_s=0.3  dist=220.75
gen=6  best=0.0032  avg=0.0032  eval_s=0.1  total_s=0.3  dist=221.33
gen=7  best=0.0032  avg=0.0032  eval_s=0.1  total_s=0.3  dist=221.90
gen=8  best=0.0032  avg=0.0032  eval_s=0.1  total_s=0.3  dist=222.46
gen=9  best=0.0032  avg=0.0032  eval_s=0.1  total_s=0.3  dist=223.03
[09:39:05] checkpoint=training_history_20260630_093900\gen_0010.pt
gen=10  best=0.0032  avg=0.0032  eval_s=0.1  total_s=0.3  dist=223.58
gen=11  best=0.0032  avg=0.0032  eval_s=0.1  total_s=0.3  dist=224.15
gen=12  best=0.0032  avg=0.0032  eval_s=0.1  total_s=0.3  dist=224.73
gen=13  best=0.0032  avg=0.0031  eval_s=0.1  total_s=0.3  dist=225.29
gen=14  best=0.0031  avg=0.0031  eval_s=0.1  total_s=0.3  dist=225.85
gen=15  best=0.0031  avg=0.0031  eval_s=0.1  total_s=0.3  dist=226.40
gen=16  best=0.0031  avg=0.0031  eval_s=0.1  total_s=0.3  dist=226.95
gen=17  best=0.0031  avg=0.0031  eval_s=0.1  total_s=0.3  dist=227.47
gen=18  best=0.0031  avg=0.0031  eval_s=0.1  total_s=0.3  dist=228.03
gen=19  best=0.0031  avg=0.0031  eval_s=0.1  total_s=0.3  dist=228.59
[09:39:08] checkpoint=training_history_20260630_093900\gen_0020.pt
gen=20  best=0.0031  avg=0.0031  eval_s=0.1  total_s=0.3  dist=229.16
gen=21  best=0.0031  avg=0.0031  eval_s=0.1  total_s=0.3  dist=229.68
gen=22  best=0.0031  avg=0.0031  eval_s=0.1  total_s=0.3  dist=230.23
gen=23  best=0.0031  avg=0.0031  eval_s=0.1  total_s=0.3  dist=230.79
gen=24  best=0.0031  avg=0.0031  eval_s=0.1  total_s=0.3  dist=231.36
gen=25  best=0.0031  avg=0.0031  eval_s=0.1  total_s=0.3  dist=231.88
gen=26  best=0.0031  avg=0.0031  eval_s=0.1  total_s=0.3  dist=232.42
gen=27  best=0.0031  avg=0.0031  eval_s=0.1  total_s=0.3  dist=232.98
gen=28  best=0.0031  avg=0.0031  eval_s=0.1  total_s=0.3  dist=233.51
gen=29  best=0.0031  avg=0.0031  eval_s=0.1  total_s=0.3  dist=234.04
[09:39:11] checkpoint=training_history_20260630_093900\gen_0030.pt
gen=30  best=0.0031  avg=0.0031  eval_s=0.1  total_s=0.3  dist=234.60
gen=31  best=0.0031  avg=0.0031  eval_s=0.1  total_s=0.3  dist=235.12
gen=32  best=0.0031  avg=0.0031  eval_s=0.1  total_s=0.3  dist=235.64
gen=33  best=0.0031  avg=0.0031  eval_s=0.1  total_s=0.3  dist=236.17
gen=34  best=0.0031  avg=0.0031  eval_s=0.1  total_s=0.3  dist=236.68
gen=35  best=0.0031  avg=0.0031  eval_s=0.1  total_s=0.3  dist=237.24
gen=36  best=0.0031  avg=0.0031  eval_s=0.1  total_s=0.3  dist=237.78
gen=37  best=0.0031  avg=0.0031  eval_s=0.1  total_s=0.3  dist=238.32
gen=38  best=0.0031  avg=0.0031  eval_s=0.1  total_s=0.3  dist=238.84
gen=39  best=0.0031  avg=0.0031  eval_s=0.1  total_s=0.3  dist=239.37
[09:39:14] checkpoint=training_history_20260630_093900\gen_0040.pt
gen=40  best=0.0031  avg=0.0030  eval_s=0.1  total_s=0.3  dist=239.90
gen=41  best=0.0030  avg=0.0030  eval_s=0.1  total_s=0.3  dist=240.43
gen=42  best=0.0030  avg=0.0030  eval_s=0.1  total_s=0.3  dist=240.95
gen=43  best=0.0030  avg=0.0030  eval_s=0.1  total_s=0.3  dist=241.42
gen=44  best=0.0030  avg=0.0030  eval_s=0.1  total_s=0.3  dist=241.93
gen=45  best=0.0030  avg=0.0030  eval_s=0.1  total_s=0.3  dist=242.49
gen=46  best=0.0030  avg=0.0030  eval_s=0.1  total_s=0.3  dist=242.98
gen=47  best=0.0030  avg=0.0030  eval_s=0.1  total_s=0.3  dist=243.52
gen=48  best=0.0030  avg=0.0030  eval_s=0.1  total_s=0.3  dist=244.03
gen=49  best=0.0030  avg=0.0030  eval_s=0.1  total_s=0.3  dist=244.52
[09:39:17] checkpoint=training_history_20260630_093900\gen_0050.pt
gen=50  best=0.0030  avg=0.0030  eval_s=0.1  total_s=0.3  dist=245.02
gen=51  best=0.0030  avg=0.0030  eval_s=0.1  total_s=0.3  dist=245.54
gen=52  best=0.0030  avg=0.0030  eval_s=0.1  total_s=0.3  dist=246.05
gen=53  best=0.0030  avg=0.0030  eval_s=0.1  total_s=0.3  dist=246.53
gen=54  best=0.0030  avg=0.0030  eval_s=0.1  total_s=0.3  dist=247.06
gen=55  best=0.0030  avg=0.0030  eval_s=0.1  total_s=0.3  dist=247.56
gen=56  best=0.0030  avg=0.0030  eval_s=0.1  total_s=0.3  dist=248.09
gen=57  best=0.0030  avg=0.0030  eval_s=0.1  total_s=0.3  dist=248.58
gen=58  best=0.0030  avg=0.0030  eval_s=0.1  total_s=0.3  dist=249.08
gen=59  best=0.0030  avg=0.0030  eval_s=0.1  total_s=0.3  dist=249.59
[09:39:21] checkpoint=training_history_20260630_093900\gen_0060.pt
gen=60  best=0.0030  avg=0.0030  eval_s=0.1  total_s=0.3  dist=250.09
gen=61  best=0.0030  avg=0.0030  eval_s=0.1  total_s=0.3  dist=250.57
gen=62  best=0.0030  avg=0.0030  eval_s=0.1  total_s=0.3  dist=251.08
gen=63  best=0.0030  avg=0.0030  eval_s=0.1  total_s=0.3  dist=251.59
gen=64  best=0.0030  avg=0.0030  eval_s=0.1  total_s=0.3  dist=252.10
gen=65  best=0.0030  avg=0.0030  eval_s=0.1  total_s=0.3  dist=252.58
gen=66  best=0.0030  avg=0.0030  eval_s=0.1  total_s=0.3  dist=253.07
gen=67  best=0.0030  avg=0.0030  eval_s=0.1  total_s=0.3  dist=253.56
gen=68  best=0.0030  avg=0.0030  eval_s=0.1  total_s=0.3  dist=254.05
gen=69  best=0.0030  avg=0.0029  eval_s=0.1  total_s=0.3  dist=254.51
[09:39:24] checkpoint=training_history_20260630_093900\gen_0070.pt
gen=70  best=0.0030  avg=0.0029  eval_s=0.1  total_s=0.3  dist=255.00
gen=71  best=0.0029  avg=0.0029  eval_s=0.1  total_s=0.3  dist=255.48
gen=72  best=0.0029  avg=0.0029  eval_s=0.1  total_s=0.3  dist=255.97
gen=73  best=0.0029  avg=0.0029  eval_s=0.1  total_s=0.3  dist=256.43
gen=74  best=0.0029  avg=0.0029  eval_s=0.1  total_s=0.3  dist=256.89
gen=75  best=0.0029  avg=0.0029  eval_s=0.1  total_s=0.3  dist=257.37
gen=76  best=0.0029  avg=0.0029  eval_s=0.1  total_s=0.3  dist=257.84
gen=77  best=0.0029  avg=0.0029  eval_s=0.1  total_s=0.3  dist=258.37
gen=78  best=0.0029  avg=0.0029  eval_s=0.1  total_s=0.3  dist=258.84
gen=79  best=0.0029  avg=0.0029  eval_s=0.1  total_s=0.3  dist=259.31
[09:39:27] checkpoint=training_history_20260630_093900\gen_0080.pt
gen=80  best=0.0029  avg=0.0029  eval_s=0.1  total_s=0.3  dist=259.75
gen=81  best=0.0029  avg=0.0029  eval_s=0.1  total_s=0.3  dist=260.20
gen=82  best=0.0029  avg=0.0029  eval_s=0.1  total_s=0.3  dist=260.67
gen=83  best=0.0029  avg=0.0029  eval_s=0.1  total_s=0.3  dist=261.17
gen=84  best=0.0029  avg=0.0029  eval_s=0.1  total_s=0.3  dist=261.69
gen=85  best=0.0029  avg=0.0029  eval_s=0.1  total_s=0.3  dist=262.20
gen=86  best=0.0029  avg=0.0029  eval_s=0.1  total_s=0.3  dist=262.67
gen=87  best=0.0029  avg=0.0029  eval_s=0.1  total_s=0.3  dist=263.16
gen=88  best=0.0029  avg=0.0029  eval_s=0.1  total_s=0.3  dist=263.61
gen=89  best=0.0029  avg=0.0029  eval_s=0.1  total_s=0.3  dist=264.07
[09:39:30] checkpoint=training_history_20260630_093900\gen_0090.pt
gen=90  best=0.0029  avg=0.0029  eval_s=0.1  total_s=0.3  dist=264.52
gen=91  best=0.0029  avg=0.0029  eval_s=0.1  total_s=0.3  dist=265.01
gen=92  best=0.0029  avg=0.0029  eval_s=0.1  total_s=0.3  dist=265.49
gen=93  best=0.0029  avg=0.0029  eval_s=0.1  total_s=0.3  dist=265.94
gen=94  best=0.0029  avg=0.0029  eval_s=0.1  total_s=0.3  dist=266.39
gen=95  best=0.0029  avg=0.0029  eval_s=0.1  total_s=0.3  dist=266.84
gen=96  best=0.0029  avg=0.0029  eval_s=0.1  total_s=0.3  dist=267.29
gen=97  best=0.0029  avg=0.0029  eval_s=0.1  total_s=0.3  dist=267.76
gen=98  best=0.0029  avg=0.0029  eval_s=0.1  total_s=0.3  dist=268.20
gen=99  best=0.0029  avg=0.0029  eval_s=0.1  total_s=0.3  dist=268.64
[09:39:33] checkpoint=training_history_20260630_093900\gen_0100.pt
============================================================
[09:39:33] best_fitness=0.0029
[09:39:33] avg_fitness=0.0029
[09:39:33] final_dist_to_target=268.6420
[09:39:33] dist_reduction=0.8x
[09:39:33]   ⚠️  ES did NOT converge; check hyperparameters.
[09:39:33] history=training_history_20260630_093900\history.csv
[09:39:33] Done.
